Exporter version: 3.3.1, Blender version: 3.6.1
========= Conversion from Blender to Babylon.js =========
	Scene settings used :
		Inline textures     :  false
		Material Type       :  PBR
		Positions Precision :  4
		Normals Precision   :  3
		UVs Precision       :  3
		Vert Color Precision:  3
		Mat Weight Precision:  2
		Keep Z-up r-handed  :  no
		Texture directory   :  C:\Work\Projects_2024\Portfolio_Website_Oct2024\babylon\
	Python World class constructor completed
	WARNING: No active camera has been assigned, or is not in a currently enabled collection
	processing begun of mesh:  text
		processing begun of material:  text_main.001
		num positions      :  274
		num normals        :  274
		num tangents       :  0
		num uvs            :  0
		num uvs2           :  0
		num colors         :  0
		num triangles      :  272
	processing begun of mesh:  text.004
		processing begun of material:  text_main.001
		registered as also a user of material:  text_main.001
		num positions      :  12070
		num normals        :  12070
		num tangents       :  0
		num uvs            :  0
		num uvs2           :  0
		num colors         :  0
		num triangles      :  11922
	processing begun of mesh:  text.002
		processing begun of material:  text_main.001
		registered as also a user of material:  text_main.001
		num positions      :  42671
		num normals        :  42671
		num tangents       :  0
		num uvs            :  0
		num uvs2           :  0
		num colors         :  0
		num triangles      :  42175
	processing begun of mesh:  text.005
		processing begun of material:  text_main.001
		registered as also a user of material:  text_main.001
		num positions      :  11650
		num normals        :  11650
		num tangents       :  0
		num uvs            :  0
		num uvs2           :  0
		num colors         :  0
		num triangles      :  11496
	processing begun of mesh:  text.003
		processing begun of material:  text_main.001
		registered as also a user of material:  text_main.001
		num positions      :  32613
		num normals        :  32613
		num tangents       :  0
		num uvs            :  0
		num uvs2           :  0
		num colors         :  0
		num triangles      :  32237
	processing begun of mesh:  text.006
		processing begun of material:  text_main.001
		registered as also a user of material:  text_main.001
		num positions      :  36967
		num normals        :  36967
		num tangents       :  0
		num uvs            :  0
		num uvs2           :  0
		num colors         :  0
		num triangles      :  36503
	processing begun of mesh:  text.007
		processing begun of material:  text_main.001
		registered as also a user of material:  text_main.001
		num positions      :  4658
		num normals        :  4658
		num tangents       :  0
		num uvs            :  0
		num uvs2           :  0
		num colors         :  0
		num triangles      :  4594
	processing begun of mesh:  grad_pic
		processing begun of material:  grad_pic
			processing texture grad_pic
		num positions      :  4
		num normals        :  4
		num tangents       :  0
		num uvs            :  8
		num uvs2           :  0
		num colors         :  0
		num triangles      :  2
========= Writing of JSON file started =========
	writing mesh:  text
	writing mesh:  text.004
	writing mesh:  text.002
	writing mesh:  text.005
	writing mesh:  text.003
	writing mesh:  text.006
	writing mesh:  text.007
	writing mesh:  grad_pic
========= Writing of JSON file completed =========
========= end of processing =========
elapsed time:  0 min, 3.6792 secs
