Exporter version: 3.3.1, Blender version: 3.6.1
========= Conversion from Blender to Babylon.js =========
	Scene settings used :
		Inline textures     :  false
		Material Type       :  PBR
		Positions Precision :  4
		Normals Precision   :  3
		UVs Precision       :  3
		Vert Color Precision:  3
		Mat Weight Precision:  2
		Keep Z-up r-handed  :  no
		Texture directory   :  C:\Work\Projects_2024\Portfolio_Website_Oct2024\babylon\
	Python World class constructor completed
	WARNING: No active camera has been assigned, or is not in a currently enabled collection
	processing begun of mesh:  text
		processing begun of material:  text_main
		num positions      :  167
		num normals        :  167
		num tangents       :  0
		num uvs            :  0
		num uvs2           :  0
		num colors         :  0
		num triangles      :  155
	processing begun of mesh:  text.001
		processing begun of material:  text_main
		registered as also a user of material:  text_main
		num positions      :  1647
		num normals        :  1647
		num tangents       :  0
		num uvs            :  0
		num uvs2           :  0
		num colors         :  0
		num triangles      :  1633
	processing begun of mesh:  text.005
		processing begun of material:  text_main
		registered as also a user of material:  text_main
		num positions      :  5068
		num normals        :  5068
		num tangents       :  0
		num uvs            :  0
		num uvs2           :  0
		num colors         :  0
		num triangles      :  5016
	processing begun of mesh:  Plane.001
		processing begun of material:  Shelves
		Custom split normals with tangents being used
		num positions      :  271
		num normals        :  271
		num tangents       :  1084
		num uvs            :  542
		num uvs2           :  0
		num colors         :  0
		num triangles      :  108
	processing begun of node:  DescriptionAnchor
	processing begun of mesh:  TitleAnchor
		processing begun of material:  White??
		num positions      :  4
		num normals        :  4
		num tangents       :  0
		num uvs            :  8
		num uvs2           :  0
		num colors         :  0
		num triangles      :  2
========= Writing of JSON file started =========
	writing mesh:  text
	writing mesh:  text.001
	writing mesh:  text.005
	writing mesh:  Plane.001
	writing mesh:  TitleAnchor
========= Writing of JSON file completed =========
========= end of processing =========
elapsed time:  0 min, 0.3602 secs
